../Core/Src/main.c:323:6:SystemClock_Config	80	static,ignoring_inline_asm
../Core/Src/main.c:720:6:swap_endian	0	static
../Core/Src/main.c:731:7:write_to_register	32	static
../Core/Src/main.c:750:10:read_register	32	static
../Core/Src/main.c:772:8:get_temp_TMP117	8	static
../Core/Src/main.c:798:8:measure_current	8	static
../Core/Src/main.c:830:8:measure_power	8	static
../Core/Src/main.c:845:8:measure_voltage	8	static
../Core/Src/main.c:860:8:wire_temp_calc	16	static
../Core/Src/main.c:909:7:ina_initialise	8	static
../Core/Src/main.c:922:10:temp_checks	16	static
../Core/Src/main.c:973:7:pulse_charge_SS	16	static
../Core/Src/main.c:1014:6:UART_output	136	static
../Core/Src/main.c:941:7:SS_charge	16	static
../Core/Src/main.c:1136:10:calc_ARR	8	static
../Core/Src/main.c:1112:6:set_PWM_driveFET	16	static
../Core/Src/main.c:987:7:startup_initialisation	16	static
../Core/Src/main.c:816:7:monitor_input_current	8	static
../Core/Src/main.c:1159:6:HAL_GPIO_EXTI_Falling_Callback	8	static
../Core/Src/main.c:1207:6:HAL_ADC_ConvCpltCallback	0	static
../Core/Src/main.c:1223:6:warm_up_controller	24	static
../Core/Src/main.c:1240:6:cutting_controller	8	static
../Core/Src/main.c:1258:6:cooling_controller	8	static
../Core/Src/main.c:1277:10:pot_temp	8	static
../Core/Src/main.c:1291:6:state_estimate	16	static
../Core/Src/main.c:217:5:main	80	static,ignoring_inline_asm
../Core/Src/main.c:1346:9:ina_error_check	0	static
../Core/Src/main.c:1359:6:HAL_TIM_PeriodElapsedCallback	16	static
../Core/Src/main.c:1393:6:Error_Handler	0	static,ignoring_inline_asm
