../Core/Src/main.c:311:6:SystemClock_Config	80	static,ignoring_inline_asm
../Core/Src/main.c:669:6:swap_endian	0	static
../Core/Src/main.c:680:7:write_to_register	32	static
../Core/Src/main.c:697:10:read_register	32	static
../Core/Src/main.c:717:8:get_temp_TMP117	8	static
../Core/Src/main.c:743:8:measure_current	8	static
../Core/Src/main.c:763:8:measure_power	8	static
../Core/Src/main.c:775:8:wire_temp_calc	8	static
../Core/Src/main.c:791:7:ina_initialise	8	static
../Core/Src/main.c:802:10:temp_checks	16	static
../Core/Src/main.c:852:7:pulse_charge_SS	16	static
../Core/Src/main.c:891:6:UART_output	128	static
../Core/Src/main.c:821:7:SS_charge	8	static
../Core/Src/main.c:866:7:startup_initialisation	8	static
../Core/Src/main.c:974:6:set_PWM_driveFET	16	static
../Core/Src/main.c:995:6:HAL_GPIO_EXTI_Falling_Callback	16	static
../Core/Src/main.c:1033:6:warm_up_controller	24	static
../Core/Src/main.c:1050:6:cutting_controller	8	static
../Core/Src/main.c:1068:6:cooling_controller	8	static
../Core/Src/main.c:1087:10:pot_temp	8	static
../Core/Src/main.c:1019:6:HAL_ADC_ConvCpltCallback	8	static
../Core/Src/main.c:1101:6:state_estimate	16	static
../Core/Src/main.c:192:5:main	80	static,ignoring_inline_asm
../Core/Src/main.c:1162:6:Error_Handler	0	static,ignoring_inline_asm
