../Core/Src/main.c:270:6:SystemClock_Config	80	static,ignoring_inline_asm
../Core/Src/main.c:631:6:swap_endian	0	static
../Core/Src/main.c:642:7:write_to_register	32	static
../Core/Src/main.c:659:10:read_register	32	static
../Core/Src/main.c:679:8:get_temp_TMP117	8	static
../Core/Src/main.c:692:8:measure_current	8	static
../Core/Src/main.c:703:8:measure_power	8	static
../Core/Src/main.c:715:8:wire_temp_calc	8	static
../Core/Src/main.c:731:7:ina_initialise	8	static
../Core/Src/main.c:742:10:temp_checks	16	static
../Core/Src/main.c:787:7:pulse_charge_SS	16	static
../Core/Src/main.c:824:6:UART_output	112	static
../Core/Src/main.c:761:7:SS_charge	8	static
../Core/Src/main.c:801:7:startup_initialisation	8	static
../Core/Src/main.c:903:6:testUART	1008	static
../Core/Src/main.c:182:5:main	80	static,ignoring_inline_asm
../Core/Src/main.c:910:6:HAL_UART_TxCpltCallback	8	static
../Core/Src/main.c:919:6:HAL_GPIO_EXTI_Falling_Callback	8	static
../Core/Src/main.c:947:6:set_PWM_driveFET	16	static
../Core/Src/main.c:968:7:warm_up_controller	24	static
../Core/Src/main.c:985:7:cutting_controller	8	static
../Core/Src/main.c:1004:10:pot_temp	8	static
../Core/Src/main.c:936:6:HAL_ADC_ConvCpltCallback	8	static
../Core/Src/main.c:1018:6:state_estimate	16	static
../Core/Src/main.c:1077:6:Error_Handler	0	static,ignoring_inline_asm
