../Core/Src/main.c:331:6:SystemClock_Config	80	static,ignoring_inline_asm
../Core/Src/main.c:728:6:swap_endian	0	static
../Core/Src/main.c:739:7:write_to_register	32	static
../Core/Src/main.c:758:10:read_register	32	static
../Core/Src/main.c:780:8:get_temp_TMP117	8	static
../Core/Src/main.c:806:8:measure_current	8	static
../Core/Src/main.c:838:8:measure_power	8	static
../Core/Src/main.c:853:8:measure_voltage	8	static
../Core/Src/main.c:868:8:wire_temp_calc	16	static
../Core/Src/main.c:915:7:wire_temp_average	8	static
../Core/Src/main.c:937:7:ina_initialise	8	static
../Core/Src/main.c:950:10:temp_checks	16	static
../Core/Src/main.c:1001:7:pulse_charge_SS	16	static
../Core/Src/main.c:1046:6:UART_output	136	static
../Core/Src/main.c:969:7:SS_charge	16	static
../Core/Src/main.c:1172:10:calc_ARR	8	static
../Core/Src/main.c:1148:6:set_PWM_driveFET	16	static
../Core/Src/main.c:1015:7:startup_initialisation	24	static
../Core/Src/main.c:824:7:monitor_input_current	8	static
../Core/Src/main.c:1195:6:HAL_GPIO_EXTI_Falling_Callback	8	static
../Core/Src/main.c:1246:6:HAL_ADC_ConvCpltCallback	0	static
../Core/Src/main.c:1262:6:warm_up_controller	24	static
../Core/Src/main.c:221:5:main	80	static,ignoring_inline_asm
../Core/Src/main.c:1279:6:cutting_controller	8	static
../Core/Src/main.c:1297:6:cooling_controller	8	static
../Core/Src/main.c:1316:10:pot_temp	8	static
../Core/Src/main.c:1330:6:state_estimate	16	static
../Core/Src/main.c:1385:9:ina_error_check	0	static
../Core/Src/main.c:1398:6:HAL_TIM_PeriodElapsedCallback	16	static
../Core/Src/main.c:1431:6:Error_Handler	0	static,ignoring_inline_asm
