../Core/Src/main.c:299:6:SystemClock_Config	80	static,ignoring_inline_asm
../Core/Src/main.c:647:6:swap_endian	0	static
../Core/Src/main.c:658:7:write_to_register	32	static
../Core/Src/main.c:677:10:read_register	32	static
../Core/Src/main.c:694:7:write_to_reg_unspecified	24	static
../Core/Src/main.c:711:8:get_temp_TMP117	8	static
../Core/Src/main.c:737:8:measure_current	8	static
../Core/Src/main.c:753:7:monitor_input_current	8	static
../Core/Src/main.c:764:8:measure_power	8	static
../Core/Src/main.c:776:8:wire_temp_calc	8	static
../Core/Src/main.c:792:7:ina_initialise	8	static
../Core/Src/main.c:803:10:temp_checks	16	static
../Core/Src/main.c:854:7:pulse_charge_SS	16	static
../Core/Src/main.c:895:6:UART_output	136	static
../Core/Src/main.c:822:7:SS_charge	8	static
../Core/Src/main.c:868:7:startup_initialisation	16	static
../Core/Src/main.c:977:6:UART_wire_temp	24	static
../Core/Src/main.c:988:6:set_PWM_driveFET	16	static
../Core/Src/main.c:1009:6:HAL_GPIO_EXTI_Falling_Callback	0	static
../Core/Src/main.c:1071:6:warm_up_controller	24	static
../Core/Src/main.c:1088:6:cutting_controller	8	static
../Core/Src/main.c:1106:6:cooling_controller	8	static
../Core/Src/main.c:1125:10:pot_temp	8	static
../Core/Src/main.c:1057:6:HAL_ADC_ConvCpltCallback	8	static
../Core/Src/main.c:1139:6:state_estimate	16	static
../Core/Src/main.c:193:5:main	80	static,ignoring_inline_asm
../Core/Src/main.c:1200:6:Error_Handler	0	static,ignoring_inline_asm
