../Core/Src/main.c:320:6:SystemClock_Config	80	static,ignoring_inline_asm
../Core/Src/main.c:717:6:swap_endian	0	static
../Core/Src/main.c:728:7:write_to_register	32	static
../Core/Src/main.c:747:10:read_register	32	static
../Core/Src/main.c:769:8:get_temp_TMP117	8	static
../Core/Src/main.c:795:8:measure_current	8	static
../Core/Src/main.c:827:8:measure_power	8	static
../Core/Src/main.c:842:8:measure_voltage	8	static
../Core/Src/main.c:851:8:wire_temp_calc	16	static
../Core/Src/main.c:898:7:ina_initialise	8	static
../Core/Src/main.c:911:10:temp_checks	16	static
../Core/Src/main.c:962:7:pulse_charge_SS	16	static
../Core/Src/main.c:1003:6:UART_output	136	static
../Core/Src/main.c:930:7:SS_charge	16	static
../Core/Src/main.c:1126:10:calc_ARR	8	static
../Core/Src/main.c:1102:6:set_PWM_driveFET	16	static
../Core/Src/main.c:976:7:startup_initialisation	16	static
../Core/Src/main.c:813:7:monitor_input_current	8	static
../Core/Src/main.c:1149:6:HAL_GPIO_EXTI_Falling_Callback	8	static
../Core/Src/main.c:1211:6:warm_up_controller	24	static
../Core/Src/main.c:1228:6:cutting_controller	8	static
../Core/Src/main.c:1246:6:cooling_controller	8	static
../Core/Src/main.c:1265:10:pot_temp	8	static
../Core/Src/main.c:1197:6:HAL_ADC_ConvCpltCallback	8	static
../Core/Src/main.c:1279:6:state_estimate	16	static
../Core/Src/main.c:214:5:main	80	static,ignoring_inline_asm
../Core/Src/main.c:1334:6:HAL_TIM_PeriodElapsedCallback	16	static
../Core/Src/main.c:1364:6:Error_Handler	0	static,ignoring_inline_asm
