../Core/Src/main.c:322:6:SystemClock_Config	80	static,ignoring_inline_asm
../Core/Src/main.c:719:6:swap_endian	0	static
../Core/Src/main.c:730:7:write_to_register	32	static
../Core/Src/main.c:749:10:read_register	32	static
../Core/Src/main.c:771:8:get_temp_TMP117	8	static
../Core/Src/main.c:797:8:measure_current	8	static
../Core/Src/main.c:829:8:measure_power	8	static
../Core/Src/main.c:844:8:measure_voltage	8	static
../Core/Src/main.c:858:8:wire_temp_calc	16	static
../Core/Src/main.c:905:7:ina_initialise	8	static
../Core/Src/main.c:918:10:temp_checks	16	static
../Core/Src/main.c:969:7:pulse_charge_SS	16	static
../Core/Src/main.c:1010:6:UART_output	136	static
../Core/Src/main.c:937:7:SS_charge	16	static
../Core/Src/main.c:1133:10:calc_ARR	8	static
../Core/Src/main.c:1109:6:set_PWM_driveFET	16	static
../Core/Src/main.c:983:7:startup_initialisation	16	static
../Core/Src/main.c:815:7:monitor_input_current	8	static
../Core/Src/main.c:1156:6:HAL_GPIO_EXTI_Falling_Callback	8	static
../Core/Src/main.c:1204:6:HAL_ADC_ConvCpltCallback	8	static
../Core/Src/main.c:1220:6:warm_up_controller	24	static
../Core/Src/main.c:1237:6:cutting_controller	8	static
../Core/Src/main.c:1255:6:cooling_controller	8	static
../Core/Src/main.c:1274:10:pot_temp	8	static
../Core/Src/main.c:1288:6:state_estimate	16	static
../Core/Src/main.c:216:5:main	80	static,ignoring_inline_asm
../Core/Src/main.c:1343:6:HAL_TIM_PeriodElapsedCallback	16	static
../Core/Src/main.c:1374:6:Error_Handler	0	static,ignoring_inline_asm
