../Core/Src/main.c:304:6:SystemClock_Config	80	static,ignoring_inline_asm
../Core/Src/main.c:652:6:swap_endian	0	static
../Core/Src/main.c:663:7:write_to_register	32	static
../Core/Src/main.c:682:10:read_register	32	static
../Core/Src/main.c:699:7:write_to_reg_unspecified	24	static
../Core/Src/main.c:716:8:get_temp_TMP117	8	static
../Core/Src/main.c:742:8:measure_current	8	static
../Core/Src/main.c:772:8:measure_power	8	static
../Core/Src/main.c:784:8:wire_temp_calc	8	static
../Core/Src/main.c:820:7:ina_initialise	8	static
../Core/Src/main.c:833:10:temp_checks	16	static
../Core/Src/main.c:884:7:pulse_charge_SS	16	static
../Core/Src/main.c:924:6:UART_output	136	static
../Core/Src/main.c:852:7:SS_charge	16	static
../Core/Src/main.c:898:7:startup_initialisation	16	static
../Core/Src/main.c:758:7:monitor_input_current	8	static
../Core/Src/main.c:1009:6:set_PWM_driveFET	16	static
../Core/Src/main.c:1030:6:HAL_GPIO_EXTI_Falling_Callback	0	static
../Core/Src/main.c:1092:6:warm_up_controller	24	static
../Core/Src/main.c:1109:6:cutting_controller	8	static
../Core/Src/main.c:1127:6:cooling_controller	8	static
../Core/Src/main.c:1146:10:pot_temp	8	static
../Core/Src/main.c:1078:6:HAL_ADC_ConvCpltCallback	8	static
../Core/Src/main.c:1160:6:state_estimate	16	static
../Core/Src/main.c:201:5:main	80	static,ignoring_inline_asm
../Core/Src/main.c:1213:6:HAL_TIM_PeriodElapsedCallback	8	static
../Core/Src/main.c:1231:6:Error_Handler	0	static,ignoring_inline_asm
