../Core/Src/main.c:314:6:SystemClock_Config	80	static,ignoring_inline_asm
../Core/Src/main.c:662:6:swap_endian	0	static
../Core/Src/main.c:673:7:write_to_register	32	static
../Core/Src/main.c:692:10:read_register	32	static
../Core/Src/main.c:709:7:write_to_reg_unspecified	24	static
../Core/Src/main.c:726:8:get_temp_TMP117	8	static
../Core/Src/main.c:752:8:measure_current	8	static
../Core/Src/main.c:784:8:measure_power	8	static
../Core/Src/main.c:804:8:wire_temp_calc	16	static
../Core/Src/main.c:851:7:ina_initialise	8	static
../Core/Src/main.c:864:10:temp_checks	16	static
../Core/Src/main.c:915:7:pulse_charge_SS	16	static
../Core/Src/main.c:955:6:UART_output	136	static
../Core/Src/main.c:883:7:SS_charge	16	static
../Core/Src/main.c:1078:10:calc_ARR	8	static
../Core/Src/main.c:1054:6:set_PWM_driveFET	16	static
../Core/Src/main.c:929:7:startup_initialisation	16	static
../Core/Src/main.c:770:7:monitor_input_current	8	static
../Core/Src/main.c:1101:6:HAL_GPIO_EXTI_Falling_Callback	8	static
../Core/Src/main.c:1163:6:warm_up_controller	24	static
../Core/Src/main.c:1180:6:cutting_controller	8	static
../Core/Src/main.c:1198:6:cooling_controller	8	static
../Core/Src/main.c:1217:10:pot_temp	8	static
../Core/Src/main.c:1149:6:HAL_ADC_ConvCpltCallback	8	static
../Core/Src/main.c:1231:6:state_estimate	16	static
../Core/Src/main.c:210:5:main	80	static,ignoring_inline_asm
../Core/Src/main.c:1286:6:HAL_TIM_PeriodElapsedCallback	8	static
../Core/Src/main.c:1319:6:Error_Handler	0	static,ignoring_inline_asm
