../Core/Src/main.c:275:6:SystemClock_Config	80	static,ignoring_inline_asm
../Core/Src/main.c:633:6:swap_endian	0	static
../Core/Src/main.c:644:7:write_to_register	32	static
../Core/Src/main.c:661:10:read_register	32	static
../Core/Src/main.c:681:8:get_temp_TMP117	8	static
../Core/Src/main.c:707:8:measure_current	8	static
../Core/Src/main.c:727:8:measure_power	8	static
../Core/Src/main.c:739:8:wire_temp_calc	8	static
../Core/Src/main.c:755:7:ina_initialise	8	static
../Core/Src/main.c:766:10:temp_checks	16	static
../Core/Src/main.c:816:7:pulse_charge_SS	16	static
../Core/Src/main.c:855:6:UART_output	128	static
../Core/Src/main.c:785:7:SS_charge	8	static
../Core/Src/main.c:830:7:startup_initialisation	8	static
../Core/Src/main.c:188:5:main	80	static,ignoring_inline_asm
../Core/Src/main.c:938:6:set_PWM_driveFET	16	static
../Core/Src/main.c:959:6:HAL_GPIO_EXTI_Falling_Callback	16	static
../Core/Src/main.c:1054:6:warm_up_controller	24	static
../Core/Src/main.c:1071:6:cutting_controller	16	static
../Core/Src/main.c:1089:6:cooling_controller	8	static
../Core/Src/main.c:1108:10:pot_temp	8	static
../Core/Src/main.c:1040:6:HAL_ADC_ConvCpltCallback	8	static
../Core/Src/main.c:1122:6:state_estimate	16	static
../Core/Src/main.c:1183:6:Error_Handler	0	static,ignoring_inline_asm
