../Core/Src/main.c:300:6:SystemClock_Config	80	static,ignoring_inline_asm
../Core/Src/main.c:648:6:swap_endian	0	static
../Core/Src/main.c:659:7:write_to_register	32	static
../Core/Src/main.c:678:10:read_register	32	static
../Core/Src/main.c:695:7:write_to_reg_unspecified	24	static
../Core/Src/main.c:712:8:get_temp_TMP117	8	static
../Core/Src/main.c:738:8:measure_current	8	static
../Core/Src/main.c:754:7:monitor_input_current	8	static
../Core/Src/main.c:765:8:measure_power	8	static
../Core/Src/main.c:777:8:wire_temp_calc	8	static
../Core/Src/main.c:800:7:ina_initialise	8	static
../Core/Src/main.c:811:10:temp_checks	16	static
../Core/Src/main.c:862:7:pulse_charge_SS	16	static
../Core/Src/main.c:903:6:UART_output	136	static
../Core/Src/main.c:830:7:SS_charge	8	static
../Core/Src/main.c:876:7:startup_initialisation	16	static
../Core/Src/main.c:986:6:UART_wire_temp	24	static
../Core/Src/main.c:997:6:set_PWM_driveFET	16	static
../Core/Src/main.c:1018:6:HAL_GPIO_EXTI_Falling_Callback	0	static
../Core/Src/main.c:1080:6:warm_up_controller	24	static
../Core/Src/main.c:1097:6:cutting_controller	8	static
../Core/Src/main.c:1115:6:cooling_controller	8	static
../Core/Src/main.c:1134:10:pot_temp	8	static
../Core/Src/main.c:1066:6:HAL_ADC_ConvCpltCallback	8	static
../Core/Src/main.c:1148:6:state_estimate	16	static
../Core/Src/main.c:197:5:main	80	static,ignoring_inline_asm
../Core/Src/main.c:1209:6:Error_Handler	0	static,ignoring_inline_asm
