../Core/Src/main.c:190:6:SystemClock_Config	80	static,ignoring_inline_asm
../Core/Src/main.c:416:6:swap_endian	0	static
../Core/Src/main.c:427:7:write_to_reg_specified	32	static
../Core/Src/main.c:444:10:readReg_specified	32	static
../Core/Src/main.c:464:8:get_temp_TMP117	8	static
../Core/Src/main.c:477:8:measure_current	8	static
../Core/Src/main.c:490:8:measure_power	8	static
../Core/Src/main.c:502:8:wire_temp_calc	8	static
../Core/Src/main.c:510:7:ina_initialise	8	static
../Core/Src/main.c:521:10:temp_checks	16	static
../Core/Src/main.c:562:7:pulse_charge_SS	16	static
../Core/Src/main.c:540:7:SS_charge	8	static
../Core/Src/main.c:577:7:startup_initialisation	8	static
../Core/Src/main.c:595:10:UART_output	24	static
../Core/Src/main.c:125:5:main	56	static,ignoring_inline_asm
../Core/Src/main.c:619:10:HAL_GPIO_EXTI_Rising_Callback	8	static
../Core/Src/main.c:625:10:HAL_ADC_ConvCpltCallback	8	static
../Core/Src/main.c:638:6:Error_Handler	0	static,ignoring_inline_asm
