../Core/Src/main.c:331:6:SystemClock_Config	80	static,ignoring_inline_asm
../Core/Src/main.c:728:6:swap_endian	0	static
../Core/Src/main.c:739:7:write_to_register	32	static
../Core/Src/main.c:758:10:read_register	32	static
../Core/Src/main.c:780:8:get_temp_TMP117	8	static
../Core/Src/main.c:806:8:measure_current	8	static
../Core/Src/main.c:838:8:measure_power	8	static
../Core/Src/main.c:853:8:measure_voltage	8	static
../Core/Src/main.c:868:8:wire_temp_calc	16	static
../Core/Src/main.c:914:7:wire_temp_average	8	static
../Core/Src/main.c:936:7:ina_initialise	8	static
../Core/Src/main.c:949:10:temp_checks	16	static
../Core/Src/main.c:1000:7:pulse_charge_SS	16	static
../Core/Src/main.c:1045:6:UART_output	136	static
../Core/Src/main.c:968:7:SS_charge	16	static
../Core/Src/main.c:1171:10:calc_ARR	8	static
../Core/Src/main.c:1147:6:set_PWM_driveFET	16	static
../Core/Src/main.c:1014:7:startup_initialisation	24	static
../Core/Src/main.c:824:7:monitor_input_current	8	static
../Core/Src/main.c:1194:6:HAL_GPIO_EXTI_Falling_Callback	8	static
../Core/Src/main.c:1245:6:HAL_ADC_ConvCpltCallback	0	static
../Core/Src/main.c:1261:6:warm_up_controller	24	static
../Core/Src/main.c:221:5:main	80	static,ignoring_inline_asm
../Core/Src/main.c:1278:6:cutting_controller	8	static
../Core/Src/main.c:1296:6:cooling_controller	8	static
../Core/Src/main.c:1315:10:pot_temp	8	static
../Core/Src/main.c:1329:6:state_estimate	16	static
../Core/Src/main.c:1384:9:ina_error_check	0	static
../Core/Src/main.c:1397:6:HAL_TIM_PeriodElapsedCallback	16	static
../Core/Src/main.c:1430:6:Error_Handler	0	static,ignoring_inline_asm
