../Core/Src/main.c:336:6:SystemClock_Config	80	static,ignoring_inline_asm
../Core/Src/main.c:733:6:swap_endian	0	static
../Core/Src/main.c:744:7:write_to_register	32	static
../Core/Src/main.c:763:10:read_register	32	static
../Core/Src/main.c:785:8:get_temp_TMP117	8	static
../Core/Src/main.c:811:8:measure_current	8	static
../Core/Src/main.c:841:8:measure_power	8	static
../Core/Src/main.c:856:8:measure_voltage	8	static
../Core/Src/main.c:871:8:wire_temp_calc	16	static
../Core/Src/main.c:917:7:wire_temp_average	8	static
../Core/Src/main.c:939:7:ina_initialise	8	static
../Core/Src/main.c:952:10:temp_checks	16	static
../Core/Src/main.c:1003:7:pulse_charge_SS	16	static
../Core/Src/main.c:1049:6:UART_output	136	static
../Core/Src/main.c:971:7:SS_charge	16	static
../Core/Src/main.c:1142:6:UART_temp_only	32	static
../Core/Src/main.c:1189:10:calc_ARR	8	static
../Core/Src/main.c:1165:6:set_PWM_driveFET	16	static
../Core/Src/main.c:1017:7:startup_initialisation	24	static
../Core/Src/main.c:827:7:monitor_input_current	8	static
../Core/Src/main.c:1212:6:HAL_GPIO_EXTI_Falling_Callback	16	static
../Core/Src/main.c:1271:6:warm_up_controller	32	static
../Core/Src/main.c:1299:6:cutting_controller	32	static
../Core/Src/main.c:1322:6:cooling_controller	24	static
../Core/Src/main.c:221:5:main	80	static,ignoring_inline_asm
../Core/Src/main.c:1341:10:pot_temp	8	static
../Core/Src/main.c:1255:6:HAL_ADC_ConvCpltCallback	8	static
../Core/Src/main.c:1355:6:state_estimate	16	static
../Core/Src/main.c:1410:9:ina_error_check	0	static
../Core/Src/main.c:1423:6:HAL_TIM_PeriodElapsedCallback	16	static
../Core/Src/main.c:1456:6:Error_Handler	0	static,ignoring_inline_asm
