../Core/Src/main.c:320:6:SystemClock_Config	80	static,ignoring_inline_asm
../Core/Src/main.c:668:6:swap_endian	0	static
../Core/Src/main.c:679:7:write_to_register	32	static
../Core/Src/main.c:698:10:read_register	32	static
../Core/Src/main.c:192:5:main	80	static,ignoring_inline_asm
../Core/Src/main.c:720:8:get_temp_TMP117	8	static
../Core/Src/main.c:746:8:measure_current	8	static
../Core/Src/main.c:766:8:measure_power	8	static
../Core/Src/main.c:778:8:wire_temp_calc	8	static
../Core/Src/main.c:794:7:ina_initialise	8	static
../Core/Src/main.c:805:10:temp_checks	16	static
../Core/Src/main.c:856:7:pulse_charge_SS	16	static
../Core/Src/main.c:897:6:UART_output	128	static
../Core/Src/main.c:824:7:SS_charge	8	static
../Core/Src/main.c:870:7:startup_initialisation	16	static
../Core/Src/main.c:976:6:UART_wire_temp	24	static
../Core/Src/main.c:987:6:set_PWM_driveFET	16	static
../Core/Src/main.c:1008:6:HAL_GPIO_EXTI_Falling_Callback	16	static
../Core/Src/main.c:1068:6:warm_up_controller	24	static
../Core/Src/main.c:1085:6:cutting_controller	8	static
../Core/Src/main.c:1103:6:cooling_controller	8	static
../Core/Src/main.c:1122:10:pot_temp	8	static
../Core/Src/main.c:1054:6:HAL_ADC_ConvCpltCallback	8	static
../Core/Src/main.c:1136:6:state_estimate	16	static
../Core/Src/main.c:1197:6:Error_Handler	0	static,ignoring_inline_asm
