../Core/Src/main.c:311:6:SystemClock_Config	80	static,ignoring_inline_asm
../Core/Src/main.c:659:6:swap_endian	0	static
../Core/Src/main.c:670:7:write_to_register	32	static
../Core/Src/main.c:689:10:read_register	32	static
../Core/Src/main.c:706:7:write_to_reg_unspecified	24	static
../Core/Src/main.c:723:8:get_temp_TMP117	8	static
../Core/Src/main.c:749:8:measure_current	8	static
../Core/Src/main.c:779:8:measure_power	8	static
../Core/Src/main.c:799:8:wire_temp_calc	16	static
../Core/Src/main.c:846:7:ina_initialise	8	static
../Core/Src/main.c:859:10:temp_checks	16	static
../Core/Src/main.c:910:7:pulse_charge_SS	16	static
../Core/Src/main.c:950:6:UART_output	136	static
../Core/Src/main.c:878:7:SS_charge	16	static
../Core/Src/main.c:924:7:startup_initialisation	16	static
../Core/Src/main.c:765:7:monitor_input_current	8	static
../Core/Src/main.c:1049:6:set_PWM_driveFET	16	static
../Core/Src/main.c:1070:6:HAL_GPIO_EXTI_Falling_Callback	0	static
../Core/Src/main.c:1132:6:warm_up_controller	24	static
../Core/Src/main.c:1149:6:cutting_controller	8	static
../Core/Src/main.c:1167:6:cooling_controller	8	static
../Core/Src/main.c:1186:10:pot_temp	8	static
../Core/Src/main.c:1118:6:HAL_ADC_ConvCpltCallback	8	static
../Core/Src/main.c:1200:6:state_estimate	24	static
../Core/Src/main.c:204:5:main	80	static,ignoring_inline_asm
../Core/Src/main.c:1255:6:HAL_TIM_PeriodElapsedCallback	8	static
../Core/Src/main.c:1274:6:Error_Handler	0	static,ignoring_inline_asm
