../Core/Src/main.c:319:6:SystemClock_Config	80	static,ignoring_inline_asm
../Core/Src/main.c:727:6:swap_endian	0	static
../Core/Src/main.c:738:7:write_to_register	32	static
../Core/Src/main.c:757:10:read_register	32	static
../Core/Src/main.c:774:7:write_to_reg_unspecified	24	static
../Core/Src/main.c:791:8:get_temp_TMP117	8	static
../Core/Src/main.c:817:8:measure_current	8	static
../Core/Src/main.c:849:8:measure_power	8	static
../Core/Src/main.c:869:8:wire_temp_calc	16	static
../Core/Src/main.c:916:7:ina_initialise	8	static
../Core/Src/main.c:929:10:temp_checks	16	static
../Core/Src/main.c:980:7:pulse_charge_SS	16	static
../Core/Src/main.c:1021:6:UART_output	136	static
../Core/Src/main.c:948:7:SS_charge	16	static
../Core/Src/main.c:1144:10:calc_ARR	8	static
../Core/Src/main.c:1120:6:set_PWM_driveFET	16	static
../Core/Src/main.c:994:7:startup_initialisation	16	static
../Core/Src/main.c:835:7:monitor_input_current	8	static
../Core/Src/main.c:1167:6:HAL_GPIO_EXTI_Falling_Callback	8	static
../Core/Src/main.c:1229:6:warm_up_controller	24	static
../Core/Src/main.c:1246:6:cutting_controller	8	static
../Core/Src/main.c:1264:6:cooling_controller	8	static
../Core/Src/main.c:1283:10:pot_temp	8	static
../Core/Src/main.c:1215:6:HAL_ADC_ConvCpltCallback	8	static
../Core/Src/main.c:1297:6:state_estimate	16	static
../Core/Src/main.c:213:5:main	104	static,ignoring_inline_asm
../Core/Src/main.c:1352:6:HAL_TIM_PeriodElapsedCallback	16	static
../Core/Src/main.c:1382:6:Error_Handler	0	static,ignoring_inline_asm
