../Core/Src/stm32g0xx_hal_msp.c:66:6:HAL_MspInit	8	static
../Core/Src/stm32g0xx_hal_msp.c:88:6:HAL_ADC_MspInit	72	static
../Core/Src/stm32g0xx_hal_msp.c:150:6:HAL_ADC_MspDeInit	8	static
../Core/Src/stm32g0xx_hal_msp.c:180:6:HAL_I2C_MspInit	40	static
../Core/Src/stm32g0xx_hal_msp.c:216:6:HAL_I2C_MspDeInit	8	static
../Core/Src/stm32g0xx_hal_msp.c:247:6:HAL_TIM_Base_MspInit	8	static
../Core/Src/stm32g0xx_hal_msp.c:274:6:HAL_TIM_MspPostInit	32	static
../Core/Src/stm32g0xx_hal_msp.c:306:6:HAL_TIM_Base_MspDeInit	0	static
../Core/Src/stm32g0xx_hal_msp.c:339:6:HAL_UART_MspInit	40	static
../Core/Src/stm32g0xx_hal_msp.c:375:6:HAL_UART_MspDeInit	8	static
