../Core/Src/main.c:197:5:main	8	static
../Core/Src/main.c:301:6:SystemClock_Config	88	static
../Core/Src/main.c:342:13:MX_ADC1_Init	24	static
../Core/Src/main.c:400:13:MX_I2C2_Init	8	static
../Core/Src/main.c:448:13:MX_TIM1_Init	40	static
../Core/Src/main.c:495:13:MX_TIM14_Init	40	static
../Core/Src/main.c:541:13:MX_USART2_UART_Init	8	static
../Core/Src/main.c:575:13:MX_DMA_Init	16	static
../Core/Src/main.c:593:13:MX_GPIO_Init	48	static
../Core/Src/main.c:649:6:swap_endian	24	static
../Core/Src/main.c:660:7:write_to_register	48	static
../Core/Src/main.c:679:10:read_register	48	static
../Core/Src/main.c:696:7:write_to_reg_unspecified	32	static
../Core/Src/main.c:713:8:get_temp_TMP117	32	static
../Core/Src/main.c:739:8:measure_current	24	static
../Core/Src/main.c:755:7:monitor_input_current	16	static
../Core/Src/main.c:766:8:measure_power	24	static
../Core/Src/main.c:778:8:wire_temp_calc	24	static
../Core/Src/main.c:802:7:ina_initialise	16	static
../Core/Src/main.c:813:10:temp_checks	24	static
../Core/Src/main.c:832:7:SS_charge	16	static
../Core/Src/main.c:864:7:pulse_charge_SS	16	static
../Core/Src/main.c:878:7:startup_initialisation	24	static
../Core/Src/main.c:905:6:UART_output	136	static
../Core/Src/main.c:988:6:UART_wire_temp	24	static
../Core/Src/main.c:999:6:set_PWM_driveFET	32	static
../Core/Src/main.c:1020:6:HAL_GPIO_EXTI_Falling_Callback	16	static
../Core/Src/main.c:1068:6:HAL_ADC_ConvCpltCallback	16	static
../Core/Src/main.c:1082:6:warm_up_controller	32	static
../Core/Src/main.c:1099:6:cutting_controller	32	static
../Core/Src/main.c:1117:6:cooling_controller	32	static
../Core/Src/main.c:1136:10:pot_temp	24	static
../Core/Src/main.c:1150:6:state_estimate	16	static
../Core/Src/main.c:1211:6:Error_Handler	8	static,ignoring_inline_asm
