../Core/Src/main.c:181:5:main	8	static
../Core/Src/main.c:264:6:SystemClock_Config	88	static
../Core/Src/main.c:305:13:MX_ADC1_Init	24	static
../Core/Src/main.c:363:13:MX_I2C2_Init	8	static
../Core/Src/main.c:411:13:MX_TIM1_Init	40	static
../Core/Src/main.c:458:13:MX_TIM14_Init	40	static
../Core/Src/main.c:504:13:MX_USART2_UART_Init	8	static
../Core/Src/main.c:538:13:MX_DMA_Init	16	static
../Core/Src/main.c:556:13:MX_GPIO_Init	48	static
../Core/Src/main.c:622:6:swap_endian	24	static
../Core/Src/main.c:633:7:write_to_register	48	static
../Core/Src/main.c:650:10:read_register	48	static
../Core/Src/main.c:670:8:get_temp_TMP117	32	static
../Core/Src/main.c:683:8:measure_current	24	static
../Core/Src/main.c:694:8:measure_power	24	static
../Core/Src/main.c:706:8:wire_temp_calc	24	static
../Core/Src/main.c:722:7:ina_initialise	16	static
../Core/Src/main.c:733:10:temp_checks	24	static
../Core/Src/main.c:752:7:SS_charge	16	static
../Core/Src/main.c:778:7:pulse_charge_SS	16	static
../Core/Src/main.c:792:7:startup_initialisation	24	static
../Core/Src/main.c:815:6:UART_output	128	static
../Core/Src/main.c:898:6:HAL_GPIO_EXTI_Falling_Callback	16	static
../Core/Src/main.c:915:6:HAL_ADC_ConvCpltCallback	16	static
../Core/Src/main.c:926:6:set_PWM_driveFET	32	static
../Core/Src/main.c:947:7:warm_up_controller	32	static
../Core/Src/main.c:964:7:cutting_controller	32	static
../Core/Src/main.c:983:10:pot_temp	24	static
../Core/Src/main.c:997:6:state_estimate	16	static
../Core/Src/main.c:1056:6:Error_Handler	8	static,ignoring_inline_asm
