../Core/Src/main.c:193:5:main	8	static
../Core/Src/main.c:325:6:SystemClock_Config	88	static
../Core/Src/main.c:366:13:MX_ADC1_Init	24	static
../Core/Src/main.c:424:13:MX_I2C2_Init	8	static
../Core/Src/main.c:472:13:MX_TIM1_Init	40	static
../Core/Src/main.c:519:13:MX_TIM14_Init	40	static
../Core/Src/main.c:565:13:MX_USART2_UART_Init	8	static
../Core/Src/main.c:599:13:MX_DMA_Init	16	static
../Core/Src/main.c:617:13:MX_GPIO_Init	48	static
../Core/Src/main.c:673:6:swap_endian	24	static
../Core/Src/main.c:684:7:write_to_register	48	static
../Core/Src/main.c:703:10:read_register	48	static
../Core/Src/main.c:720:7:write_to_reg_unspecified	32	static
../Core/Src/main.c:737:8:get_temp_TMP117	32	static
../Core/Src/main.c:763:8:measure_current	24	static
../Core/Src/main.c:783:8:measure_power	24	static
../Core/Src/main.c:795:8:wire_temp_calc	24	static
../Core/Src/main.c:811:7:ina_initialise	16	static
../Core/Src/main.c:822:10:temp_checks	24	static
../Core/Src/main.c:841:7:SS_charge	16	static
../Core/Src/main.c:873:7:pulse_charge_SS	16	static
../Core/Src/main.c:887:7:startup_initialisation	24	static
../Core/Src/main.c:914:6:UART_output	128	static
../Core/Src/main.c:993:6:UART_wire_temp	24	static
../Core/Src/main.c:1004:6:set_PWM_driveFET	32	static
../Core/Src/main.c:1025:6:HAL_GPIO_EXTI_Falling_Callback	16	static
../Core/Src/main.c:1073:6:HAL_ADC_ConvCpltCallback	16	static
../Core/Src/main.c:1087:6:warm_up_controller	32	static
../Core/Src/main.c:1104:6:cutting_controller	32	static
../Core/Src/main.c:1122:6:cooling_controller	32	static
../Core/Src/main.c:1141:10:pot_temp	24	static
../Core/Src/main.c:1155:6:state_estimate	16	static
../Core/Src/main.c:1216:6:Error_Handler	8	static,ignoring_inline_asm
