../Core/Src/main.c:188:5:main	8	static
../Core/Src/main.c:275:6:SystemClock_Config	88	static
../Core/Src/main.c:316:13:MX_ADC1_Init	24	static
../Core/Src/main.c:374:13:MX_I2C2_Init	8	static
../Core/Src/main.c:422:13:MX_TIM1_Init	40	static
../Core/Src/main.c:469:13:MX_TIM14_Init	40	static
../Core/Src/main.c:515:13:MX_USART2_UART_Init	8	static
../Core/Src/main.c:549:13:MX_DMA_Init	16	static
../Core/Src/main.c:567:13:MX_GPIO_Init	48	static
../Core/Src/main.c:633:6:swap_endian	24	static
../Core/Src/main.c:644:7:write_to_register	48	static
../Core/Src/main.c:661:10:read_register	48	static
../Core/Src/main.c:681:8:get_temp_TMP117	32	static
../Core/Src/main.c:707:8:measure_current	24	static
../Core/Src/main.c:727:8:measure_power	24	static
../Core/Src/main.c:739:8:wire_temp_calc	24	static
../Core/Src/main.c:755:7:ina_initialise	16	static
../Core/Src/main.c:766:10:temp_checks	24	static
../Core/Src/main.c:785:7:SS_charge	16	static
../Core/Src/main.c:816:7:pulse_charge_SS	16	static
../Core/Src/main.c:830:7:startup_initialisation	24	static
../Core/Src/main.c:855:6:UART_output	128	static
../Core/Src/main.c:938:6:set_PWM_driveFET	32	static
../Core/Src/main.c:959:6:HAL_GPIO_EXTI_Falling_Callback	16	static
../Core/Src/main.c:984:6:HAL_ADC_ConvCpltCallback	16	static
../Core/Src/main.c:998:6:warm_up_controller	32	static
../Core/Src/main.c:1015:6:cutting_controller	32	static
../Core/Src/main.c:1033:6:cooling_controller	32	static
../Core/Src/main.c:1052:10:pot_temp	24	static
../Core/Src/main.c:1066:6:state_estimate	16	static
../Core/Src/main.c:1127:6:Error_Handler	8	static,ignoring_inline_asm
