../Core/Src/main.c:192:5:main	8	static
../Core/Src/main.c:311:6:SystemClock_Config	88	static
../Core/Src/main.c:352:13:MX_ADC1_Init	24	static
../Core/Src/main.c:410:13:MX_I2C2_Init	8	static
../Core/Src/main.c:458:13:MX_TIM1_Init	40	static
../Core/Src/main.c:505:13:MX_TIM14_Init	40	static
../Core/Src/main.c:551:13:MX_USART2_UART_Init	8	static
../Core/Src/main.c:585:13:MX_DMA_Init	16	static
../Core/Src/main.c:603:13:MX_GPIO_Init	48	static
../Core/Src/main.c:669:6:swap_endian	24	static
../Core/Src/main.c:680:7:write_to_register	48	static
../Core/Src/main.c:697:10:read_register	48	static
../Core/Src/main.c:717:8:get_temp_TMP117	32	static
../Core/Src/main.c:743:8:measure_current	24	static
../Core/Src/main.c:763:8:measure_power	24	static
../Core/Src/main.c:775:8:wire_temp_calc	24	static
../Core/Src/main.c:791:7:ina_initialise	16	static
../Core/Src/main.c:802:10:temp_checks	24	static
../Core/Src/main.c:821:7:SS_charge	16	static
../Core/Src/main.c:852:7:pulse_charge_SS	16	static
../Core/Src/main.c:866:7:startup_initialisation	24	static
../Core/Src/main.c:891:6:UART_output	128	static
../Core/Src/main.c:974:6:set_PWM_driveFET	32	static
../Core/Src/main.c:995:6:HAL_GPIO_EXTI_Falling_Callback	16	static
../Core/Src/main.c:1041:6:HAL_ADC_ConvCpltCallback	16	static
../Core/Src/main.c:1055:6:warm_up_controller	32	static
../Core/Src/main.c:1072:6:cutting_controller	32	static
../Core/Src/main.c:1090:6:cooling_controller	32	static
../Core/Src/main.c:1109:10:pot_temp	24	static
../Core/Src/main.c:1123:6:state_estimate	16	static
../Core/Src/main.c:1184:6:Error_Handler	8	static,ignoring_inline_asm
