../Core/Src/main.c:221:5:main	8	static
../Core/Src/main.c:335:6:SystemClock_Config	88	static
../Core/Src/main.c:376:13:MX_ADC1_Init	24	static
../Core/Src/main.c:434:13:MX_I2C2_Init	8	static
../Core/Src/main.c:482:13:MX_TIM1_Init	40	static
../Core/Src/main.c:529:13:MX_TIM3_Init	48	static
../Core/Src/main.c:578:13:MX_TIM14_Init	40	static
../Core/Src/main.c:624:13:MX_USART2_UART_Init	8	static
../Core/Src/main.c:658:13:MX_DMA_Init	16	static
../Core/Src/main.c:676:13:MX_GPIO_Init	48	static
../Core/Src/main.c:732:6:swap_endian	24	static
../Core/Src/main.c:743:7:write_to_register	48	static
../Core/Src/main.c:762:10:read_register	48	static
../Core/Src/main.c:784:8:get_temp_TMP117	32	static
../Core/Src/main.c:810:8:measure_current	24	static
../Core/Src/main.c:826:7:monitor_input_current	8	static
../Core/Src/main.c:840:8:measure_power	24	static
../Core/Src/main.c:855:8:measure_voltage	16	static
../Core/Src/main.c:870:8:wire_temp_calc	40	static
../Core/Src/main.c:916:7:wire_temp_average	32	static
../Core/Src/main.c:938:7:ina_initialise	8	static
../Core/Src/main.c:951:10:temp_checks	24	static
../Core/Src/main.c:970:7:SS_charge	16	static
../Core/Src/main.c:1002:7:pulse_charge_SS	16	static
../Core/Src/main.c:1016:7:startup_initialisation	24	static
../Core/Src/main.c:1048:6:UART_output	136	static
../Core/Src/main.c:1141:6:UART_temp_only	24	static
../Core/Src/main.c:1156:6:set_PWM_driveFET	32	static
../Core/Src/main.c:1180:10:calc_ARR	40	static
../Core/Src/main.c:1203:6:HAL_GPIO_EXTI_Falling_Callback	16	static
../Core/Src/main.c:1246:6:HAL_ADC_ConvCpltCallback	16	static
../Core/Src/main.c:1262:6:warm_up_controller	32	static
../Core/Src/main.c:1285:6:cutting_controller	32	static
../Core/Src/main.c:1308:6:cooling_controller	32	static
../Core/Src/main.c:1327:10:pot_temp	24	static
../Core/Src/main.c:1341:6:state_estimate	16	static
../Core/Src/main.c:1396:9:ina_error_check	16	static
../Core/Src/main.c:1409:6:HAL_TIM_PeriodElapsedCallback	16	static
../Core/Src/main.c:1442:6:Error_Handler	8	static,ignoring_inline_asm
