../Core/Src/main.c:192:5:main	16	static
../Core/Src/main.c:324:6:SystemClock_Config	88	static
../Core/Src/main.c:365:13:MX_ADC1_Init	24	static
../Core/Src/main.c:423:13:MX_I2C2_Init	8	static
../Core/Src/main.c:471:13:MX_TIM1_Init	40	static
../Core/Src/main.c:518:13:MX_TIM14_Init	40	static
../Core/Src/main.c:564:13:MX_USART2_UART_Init	8	static
../Core/Src/main.c:598:13:MX_DMA_Init	16	static
../Core/Src/main.c:616:13:MX_GPIO_Init	48	static
../Core/Src/main.c:672:6:swap_endian	24	static
../Core/Src/main.c:683:7:write_to_register	48	static
../Core/Src/main.c:702:10:read_register	48	static
../Core/Src/main.c:719:7:write_to_reg_unspecified	32	static
../Core/Src/main.c:736:8:get_temp_TMP117	32	static
../Core/Src/main.c:762:8:measure_current	24	static
../Core/Src/main.c:782:8:measure_power	24	static
../Core/Src/main.c:794:8:wire_temp_calc	24	static
../Core/Src/main.c:810:7:ina_initialise	16	static
../Core/Src/main.c:821:10:temp_checks	24	static
../Core/Src/main.c:840:7:SS_charge	16	static
../Core/Src/main.c:872:7:pulse_charge_SS	16	static
../Core/Src/main.c:886:7:startup_initialisation	24	static
../Core/Src/main.c:913:6:UART_output	128	static
../Core/Src/main.c:992:6:UART_wire_temp	24	static
../Core/Src/main.c:1003:6:set_PWM_driveFET	32	static
../Core/Src/main.c:1024:6:HAL_GPIO_EXTI_Falling_Callback	16	static
../Core/Src/main.c:1070:6:HAL_ADC_ConvCpltCallback	16	static
../Core/Src/main.c:1084:6:warm_up_controller	32	static
../Core/Src/main.c:1101:6:cutting_controller	32	static
../Core/Src/main.c:1119:6:cooling_controller	32	static
../Core/Src/main.c:1138:10:pot_temp	24	static
../Core/Src/main.c:1152:6:state_estimate	16	static
../Core/Src/main.c:1213:6:Error_Handler	8	static,ignoring_inline_asm
