../Core/Src/main.c:191:5:main	8	static
../Core/Src/main.c:287:6:SystemClock_Config	88	static
../Core/Src/main.c:328:13:MX_ADC1_Init	24	static
../Core/Src/main.c:386:13:MX_I2C2_Init	8	static
../Core/Src/main.c:434:13:MX_TIM1_Init	40	static
../Core/Src/main.c:481:13:MX_TIM14_Init	40	static
../Core/Src/main.c:527:13:MX_USART2_UART_Init	8	static
../Core/Src/main.c:561:13:MX_DMA_Init	16	static
../Core/Src/main.c:579:13:MX_GPIO_Init	48	static
../Core/Src/main.c:645:6:swap_endian	24	static
../Core/Src/main.c:656:7:write_to_register	48	static
../Core/Src/main.c:673:10:read_register	48	static
../Core/Src/main.c:693:8:get_temp_TMP117	32	static
../Core/Src/main.c:717:8:measure_current	24	static
../Core/Src/main.c:735:8:measure_power	24	static
../Core/Src/main.c:747:8:wire_temp_calc	24	static
../Core/Src/main.c:763:7:ina_initialise	16	static
../Core/Src/main.c:774:10:temp_checks	24	static
../Core/Src/main.c:793:7:SS_charge	16	static
../Core/Src/main.c:822:7:pulse_charge_SS	16	static
../Core/Src/main.c:835:7:startup_initialisation	24	static
../Core/Src/main.c:863:6:UART_output	8	static
../Core/Src/main.c:869:6:HAL_UART_TxCpltCallback	16	static
../Core/Src/main.c:878:6:HAL_GPIO_EXTI_Falling_Callback	16	static
../Core/Src/main.c:902:6:HAL_ADC_ConvCpltCallback	16	static
../Core/Src/main.c:913:6:set_PWM_driveFET	32	static
../Core/Src/main.c:935:6:warm_up_controller	32	static
../Core/Src/main.c:953:6:cutting_controller	32	static
../Core/Src/main.c:973:10:pot_temp	24	static
../Core/Src/main.c:987:6:state_estimate	16	static
../Core/Src/main.c:1047:6:Error_Handler	8	static,ignoring_inline_asm
