../Core/Src/main.c:221:5:main	8	static
../Core/Src/main.c:336:6:SystemClock_Config	88	static
../Core/Src/main.c:377:13:MX_ADC1_Init	24	static
../Core/Src/main.c:435:13:MX_I2C2_Init	8	static
../Core/Src/main.c:483:13:MX_TIM1_Init	40	static
../Core/Src/main.c:530:13:MX_TIM3_Init	48	static
../Core/Src/main.c:579:13:MX_TIM14_Init	40	static
../Core/Src/main.c:625:13:MX_USART2_UART_Init	8	static
../Core/Src/main.c:659:13:MX_DMA_Init	16	static
../Core/Src/main.c:677:13:MX_GPIO_Init	48	static
../Core/Src/main.c:733:6:swap_endian	24	static
../Core/Src/main.c:744:7:write_to_register	48	static
../Core/Src/main.c:763:10:read_register	48	static
../Core/Src/main.c:785:8:get_temp_TMP117	32	static
../Core/Src/main.c:811:8:measure_current	24	static
../Core/Src/main.c:827:7:monitor_input_current	8	static
../Core/Src/main.c:841:8:measure_power	24	static
../Core/Src/main.c:856:8:measure_voltage	16	static
../Core/Src/main.c:871:8:wire_temp_calc	40	static
../Core/Src/main.c:917:7:wire_temp_average	32	static
../Core/Src/main.c:939:7:ina_initialise	8	static
../Core/Src/main.c:952:10:temp_checks	24	static
../Core/Src/main.c:971:7:SS_charge	16	static
../Core/Src/main.c:1003:7:pulse_charge_SS	16	static
../Core/Src/main.c:1017:7:startup_initialisation	24	static
../Core/Src/main.c:1049:6:UART_output	136	static
../Core/Src/main.c:1142:6:UART_temp_only	24	static
../Core/Src/main.c:1165:6:set_PWM_driveFET	32	static
../Core/Src/main.c:1189:10:calc_ARR	40	static
../Core/Src/main.c:1212:6:HAL_GPIO_EXTI_Falling_Callback	16	static
../Core/Src/main.c:1256:6:HAL_ADC_ConvCpltCallback	16	static
../Core/Src/main.c:1272:6:warm_up_controller	32	static
../Core/Src/main.c:1300:6:cutting_controller	32	static
../Core/Src/main.c:1323:6:cooling_controller	32	static
../Core/Src/main.c:1342:10:pot_temp	24	static
../Core/Src/main.c:1356:6:state_estimate	16	static
../Core/Src/main.c:1411:9:ina_error_check	16	static
../Core/Src/main.c:1424:6:HAL_TIM_PeriodElapsedCallback	16	static
../Core/Src/main.c:1457:6:Error_Handler	8	static,ignoring_inline_asm
